src/app/api/users/[id]/change-password/route.ts(10,120): error TS1005: ',' expected.
src/app/api/users/[id]/change-password/route.ts(10,123): error TS1002: Unterminated string literal.
src/app/api/users/[id]/change-password/route.ts(11,1): error TS1005: ',' expected.
src/app/dashboard/admin/sessions/page.tsx(25,88): error TS1005: ',' expected.
src/app/dashboard/admin/sessions/page.tsx(25,91): error TS1002: Unterminated string literal.
src/app/dashboard/admin/sessions/page.tsx(26,1): error TS1005: ',' expected.
src/app/dashboard/admin/sessions/page.tsx(27,56): error TS1005: ',' expected.
src/app/dashboard/admin/sessions/page.tsx(27,59): error TS1002: Unterminated string literal.
src/app/dashboard/admin/sessions/page.tsx(29,1): error TS1005: ',' expected.
src/app/dashboard/admin/sessions/page.tsx(29,6): error TS1005: ',' expected.
src/app/dashboard/admin/sessions/page.tsx(30,13): error TS1005: ',' expected.
src/app/dashboard/admin/sessions/page.tsx(31,18): error TS1005: ',' expected.
src/app/dashboard/admin/sessions/page.tsx(32,20): error TS1005: ',' expected.
src/app/dashboard/admin/sessions/page.tsx(33,21): error TS1005: ',' expected.
src/app/dashboard/admin/sessions/page.tsx(34,20): error TS1005: ',' expected.
src/app/dashboard/admin/sessions/page.tsx(35,22): error TS1005: ',' expected.
src/app/dashboard/admin/sessions/page.tsx(36,22): error TS1005: ',' expected.
src/app/dashboard/admin/sessions/page.tsx(37,27): error TS1005: ',' expected.
src/app/dashboard/admin/sessions/page.tsx(38,26): error TS1005: ',' expected.
src/app/dashboard/admin/sessions/page.tsx(39,27): error TS1005: ',' expected.
src/app/dashboard/admin/sessions/page.tsx(40,39): error TS1005: ',' expected.
src/app/dashboard/admin/sessions/page.tsx(41,30): error TS1005: ',' expected.
src/app/dashboard/admin/sessions/page.tsx(42,2): error TS1005: ',' expected.
src/app/dashboard/admin/sessions/page.tsx(44,6): error TS1005: ',' expected.
src/app/dashboard/admin/sessions/page.tsx(45,18): error TS1005: ',' expected.
src/app/dashboard/admin/sessions/page.tsx(46,20): error TS1005: ',' expected.
src/app/dashboard/admin/sessions/page.tsx(47,21): error TS1005: ',' expected.
src/app/dashboard/admin/sessions/page.tsx(48,20): error TS1005: ',' expected.
src/app/dashboard/admin/sessions/page.tsx(49,25): error TS1005: ',' expected.
src/app/dashboard/admin/sessions/page.tsx(50,28): error TS1005: ',' expected.
src/app/dashboard/admin/sessions/page.tsx(51,26): error TS1005: ',' expected.
src/app/dashboard/admin/sessions/page.tsx(52,27): error TS1005: ',' expected.
src/app/dashboard/admin/sessions/page.tsx(53,24): error TS1005: ',' expected.
src/app/dashboard/admin/sessions/page.tsx(54,23): error TS1005: ',' expected.
src/app/dashboard/admin/sessions/page.tsx(55,2): error TS1005: ',' expected.
src/app/dashboard/admin/sessions/page.tsx(57,6): error TS1005: ',' expected.
src/app/dashboard/admin/sessions/page.tsx(58,13): error TS1005: ',' expected.
src/app/dashboard/admin/sessions/page.tsx(59,18): error TS1005: ',' expected.
src/app/dashboard/admin/sessions/page.tsx(60,22): error TS1005: ',' expected.
src/app/dashboard/admin/sessions/page.tsx(61,20): error TS1005: ',' expected.
src/app/dashboard/admin/sessions/page.tsx(62,21): error TS1005: ',' expected.
src/app/dashboard/admin/sessions/page.tsx(63,23): error TS1005: ',' expected.
src/app/dashboard/admin/sessions/page.tsx(64,22): error TS1005: ',' expected.
src/app/dashboard/admin/sessions/page.tsx(65,22): error TS1005: ',' expected.
src/app/dashboard/admin/sessions/page.tsx(66,19): error TS1005: ',' expected.
src/app/dashboard/admin/sessions/page.tsx(67,28): error TS1005: ',' expected.
src/app/dashboard/admin/sessions/page.tsx(68,2): error TS1005: ',' expected.
src/app/dashboard/admin/sessions/page.tsx(70,1): error TS1137: Expression or comma expected.
src/app/dashboard/agent/page.tsx(15,81): error TS1005: ',' expected.
src/app/dashboard/agent/page.tsx(15,84): error TS1002: Unterminated string literal.
src/app/dashboard/agent/page.tsx(16,1): error TS1005: ',' expected.
src/app/dashboard/agent/page.tsx(16,56): error TS1005: ',' expected.
src/app/dashboard/agent/page.tsx(16,59): error TS1002: Unterminated string literal.
src/app/dashboard/agent/page.tsx(17,1): error TS1005: ',' expected.
src/app/dashboard/agent/page.tsx(17,56): error TS1005: ',' expected.
src/app/dashboard/agent/page.tsx(17,59): error TS1002: Unterminated string literal.
src/app/dashboard/agent/page.tsx(18,1): error TS1005: ',' expected.
src/app/dashboard/commissions/page.tsx(25,56): error TS1005: ',' expected.
src/app/dashboard/commissions/page.tsx(25,59): error TS1002: Unterminated string literal.
src/app/dashboard/commissions/page.tsx(26,1): error TS1005: ',' expected.
src/app/dashboard/commissions/page.tsx(26,58): error TS1005: ',' expected.
src/app/dashboard/commissions/page.tsx(26,61): error TS1002: Unterminated string literal.
src/app/dashboard/commissions/page.tsx(27,1): error TS1005: ',' expected.
src/app/dashboard/commissions/page.tsx(46,99): error TS1005: ',' expected.
src/app/dashboard/commissions/page.tsx(46,102): error TS1002: Unterminated string literal.
src/app/dashboard/commissions/page.tsx(48,1): error TS1005: ',' expected.
src/app/dashboard/documents/page.tsx(15,81): error TS1005: ',' expected.
src/app/dashboard/documents/page.tsx(15,84): error TS1002: Unterminated string literal.
src/app/dashboard/documents/page.tsx(16,1): error TS1005: ',' expected.
src/app/dashboard/documents/page.tsx(16,65): error TS1005: ',' expected.
src/app/dashboard/documents/page.tsx(16,68): error TS1002: Unterminated string literal.
src/app/dashboard/documents/page.tsx(17,1): error TS1005: ',' expected.
src/app/dashboard/documents/page.tsx(18,56): error TS1005: ',' expected.
src/app/dashboard/documents/page.tsx(18,59): error TS1002: Unterminated string literal.
src/app/dashboard/documents/page.tsx(19,1): error TS1005: ',' expected.
src/app/dashboard/layout.tsx(5,56): error TS1005: ',' expected.
src/app/dashboard/layout.tsx(5,59): error TS1002: Unterminated string literal.
src/app/dashboard/layout.tsx(6,1): error TS1005: ',' expected.
src/app/dashboard/layout.tsx(10,43): error TS1005: ',' expected.
src/app/dashboard/layout.tsx(10,46): error TS1002: Unterminated string literal.
src/app/dashboard/layout.tsx(11,1): error TS1005: ',' expected.
src/app/dashboard/logs/page.tsx(12,51): error TS1005: ',' expected.
src/app/dashboard/logs/page.tsx(12,54): error TS1002: Unterminated string literal.
src/app/dashboard/logs/page.tsx(13,1): error TS1005: ',' expected.
src/app/dashboard/logs/page.tsx(13,98): error TS1005: ',' expected.
src/app/dashboard/logs/page.tsx(13,101): error TS1002: Unterminated string literal.
src/app/dashboard/logs/page.tsx(14,1): error TS1005: ',' expected.
src/app/dashboard/page.tsx(10,56): error TS1005: ',' expected.
src/app/dashboard/page.tsx(10,59): error TS1002: Unterminated string literal.
src/app/dashboard/page.tsx(11,1): error TS1005: ',' expected.
src/app/dashboard/profile/page.tsx(11,56): error TS1005: ',' expected.
src/app/dashboard/profile/page.tsx(11,59): error TS1002: Unterminated string literal.
src/app/dashboard/profile/page.tsx(12,1): error TS1005: ',' expected.
src/app/dashboard/upload/page.tsx(14,81): error TS1005: ',' expected.
src/app/dashboard/upload/page.tsx(14,84): error TS1002: Unterminated string literal.
src/app/dashboard/upload/page.tsx(15,1): error TS1005: ',' expected.
src/app/dashboard/upload/page.tsx(15,56): error TS1005: ',' expected.
src/app/dashboard/upload/page.tsx(15,59): error TS1002: Unterminated string literal.
src/app/dashboard/upload/page.tsx(16,1): error TS1005: ',' expected.
src/app/dashboard/users/page.tsx(37,72): error TS1005: ',' expected.
src/app/dashboard/users/page.tsx(37,75): error TS1002: Unterminated string literal.
src/app/dashboard/users/page.tsx(38,1): error TS1005: ',' expected.
src/app/dashboard/users/page.tsx(38,65): error TS1005: ',' expected.
src/app/dashboard/users/page.tsx(38,68): error TS1002: Unterminated string literal.
src/app/dashboard/users/page.tsx(39,1): error TS1005: ',' expected.
src/app/dashboard/zoho/page.tsx(25,56): error TS1005: ',' expected.
src/app/dashboard/zoho/page.tsx(25,59): error TS1002: Unterminated string literal.
src/app/dashboard/zoho/page.tsx(26,1): error TS1005: ',' expected.
src/components/empty-state.tsx(6,43): error TS1005: ',' expected.
src/components/empty-state.tsx(6,46): error TS1002: Unterminated string literal.
src/components/empty-state.tsx(8,1): error TS1005: ',' expected.
src/components/empty-state.tsx(8,11): error TS1005: ',' expected.
src/components/empty-state.tsx(8,27): error TS1005: ',' expected.
src/components/empty-state.tsx(9,19): error TS1005: ',' expected.
src/components/empty-state.tsx(10,16): error TS1005: ',' expected.
src/components/empty-state.tsx(11,22): error TS1005: ',' expected.
src/components/empty-state.tsx(12,23): error TS1005: ',' expected.
src/components/empty-state.tsx(13,24): error TS1109: Expression expected.
src/components/empty-state.tsx(14,21): error TS1005: ',' expected.
src/components/empty-state.tsx(17,1): error TS1005: ',' expected.
src/components/loading.tsx(4,43): error TS1005: ',' expected.
src/components/loading.tsx(4,46): error TS1002: Unterminated string literal.
src/components/loading.tsx(6,1): error TS1005: ',' expected.
src/components/loading.tsx(6,11): error TS1005: ',' expected.
src/components/loading.tsx(6,24): error TS1005: ',' expected.
src/components/loading.tsx(7,16): error TS1005: ',' expected.
src/components/loading.tsx(8,28): error TS1005: ',' expected.
src/components/loading.tsx(9,21): error TS1005: ',' expected.
src/components/loading.tsx(12,1): error TS1005: ',' expected.
src/components/markdown-renderer.tsx(9,43): error TS1005: ',' expected.
src/components/markdown-renderer.tsx(9,46): error TS1002: Unterminated string literal.
src/components/markdown-renderer.tsx(10,1): error TS1005: ',' expected.
src/components/navbar.tsx(10,43): error TS1005: ',' expected.
src/components/navbar.tsx(10,46): error TS1002: Unterminated string literal.
src/components/navbar.tsx(12,1): error TS1005: ',' expected.
src/components/sidebar.tsx(6,43): error TS1005: ',' expected.
src/components/sidebar.tsx(6,46): error TS1002: Unterminated string literal.
src/components/sidebar.tsx(7,1): error TS1005: ',' expected.
src/components/stat-card.tsx(5,43): error TS1005: ',' expected.
src/components/stat-card.tsx(5,46): error TS1002: Unterminated string literal.
src/components/stat-card.tsx(7,1): error TS1005: ',' expected.
src/components/stat-card.tsx(7,11): error TS1005: ',' expected.
src/components/stat-card.tsx(7,25): error TS1005: ',' expected.
src/components/stat-card.tsx(8,16): error TS1005: ',' expected.
src/components/stat-card.tsx(9,25): error TS1005: ',' expected.
src/components/stat-card.tsx(10,23): error TS1005: ',' expected.
src/components/stat-card.tsx(11,19): error TS1005: ',' expected.
src/components/stat-card.tsx(13,18): error TS1005: ',' expected.
src/components/stat-card.tsx(14,24): error TS1005: ',' expected.
src/components/stat-card.tsx(15,4): error TS1005: ',' expected.
src/components/stat-card.tsx(16,21): error TS1005: ',' expected.
src/components/stat-card.tsx(19,1): error TS1005: ',' expected.
src/components/ui/accordion.tsx(4,43): error TS1005: ',' expected.
src/components/ui/accordion.tsx(4,45): error TS1002: Unterminated string literal.
src/components/ui/accordion.tsx(6,1): error TS1005: ',' expected.
src/components/ui/alert-dialog.tsx(8,43): error TS1005: ',' expected.
src/components/ui/alert-dialog.tsx(8,46): error TS1002: Unterminated string literal.
src/components/ui/alert-dialog.tsx(9,1): error TS1005: ',' expected.
src/components/ui/badge.tsx(3,43): error TS1005: ',' expected.
src/components/ui/badge.tsx(3,45): error TS1002: Unterminated string literal.
src/components/ui/badge.tsx(5,1): error TS1005: ',' expected.
src/components/ui/button.tsx(3,43): error TS1005: ',' expected.
src/components/ui/button.tsx(3,45): error TS1002: Unterminated string literal.
src/components/ui/button.tsx(5,1): error TS1005: ',' expected.
src/components/ui/card.tsx(2,43): error TS1005: ',' expected.
src/components/ui/card.tsx(2,45): error TS1002: Unterminated string literal.
src/components/ui/card.tsx(4,1): error TS1005: ',' expected.
src/components/ui/dialog.tsx(8,43): error TS1005: ',' expected.
src/components/ui/dialog.tsx(8,46): error TS1002: Unterminated string literal.
src/components/ui/dialog.tsx(10,1): error TS1005: ',' expected.
src/components/ui/dialog.tsx(10,11): error TS1005: ',' expected.
src/components/ui/dialog.tsx(10,23): error TS1005: ',' expected.
src/components/ui/dialog.tsx(11,16): error TS1005: ',' expected.
src/components/ui/dialog.tsx(12,40): error TS1109: Expression expected.
src/components/ui/dialog.tsx(13,16): error TS1005: ',' expected.
src/components/ui/dialog.tsx(14,28): error TS1005: ',' expected.
src/components/ui/dialog.tsx(15,44): error TS1005: ',' expected.
src/components/ui/dialog.tsx(16,28): error TS1005: ',' expected.
src/components/ui/dialog.tsx(19,1): error TS1005: ',' expected.
src/components/ui/input.tsx(2,43): error TS1005: ',' expected.
src/components/ui/input.tsx(2,45): error TS1002: Unterminated string literal.
src/components/ui/input.tsx(4,1): error TS1005: ',' expected.
src/components/ui/label.tsx(4,43): error TS1005: ',' expected.
src/components/ui/label.tsx(4,45): error TS1002: Unterminated string literal.
src/components/ui/label.tsx(6,1): error TS1005: ',' expected.
src/components/ui/progress.tsx(3,43): error TS1005: ',' expected.
src/components/ui/progress.tsx(3,45): error TS1002: Unterminated string literal.
src/components/ui/progress.tsx(5,1): error TS1005: ',' expected.
src/components/ui/select.tsx(4,43): error TS1005: ',' expected.
src/components/ui/select.tsx(4,45): error TS1002: Unterminated string literal.
src/components/ui/select.tsx(6,1): error TS1005: ',' expected.
src/components/ui/slider.tsx(3,43): error TS1005: ',' expected.
src/components/ui/slider.tsx(3,45): error TS1002: Unterminated string literal.
src/components/ui/slider.tsx(5,1): error TS1005: ',' expected.
src/components/ui/switch.tsx(3,43): error TS1005: ',' expected.
src/components/ui/switch.tsx(3,45): error TS1002: Unterminated string literal.
src/components/ui/switch.tsx(5,1): error TS1005: ',' expected.
src/components/ui/table.tsx(2,43): error TS1005: ',' expected.
src/components/ui/table.tsx(2,45): error TS1002: Unterminated string literal.
src/components/ui/table.tsx(4,1): error TS1005: ',' expected.
src/components/ui/tabs.tsx(6,43): error TS1005: ',' expected.
src/components/ui/tabs.tsx(6,45): error TS1002: Unterminated string literal.
src/components/ui/tabs.tsx(8,1): error TS1005: ',' expected.
src/components/ui/textarea.tsx(2,43): error TS1005: ',' expected.
src/components/ui/textarea.tsx(2,45): error TS1002: Unterminated string literal.
src/components/ui/textarea.tsx(4,1): error TS1005: ',' expected.
src/components/ui/toast.tsx(5,43): error TS1005: ',' expected.
src/components/ui/toast.tsx(5,45): error TS1002: Unterminated string literal.
src/components/ui/toast.tsx(7,1): error TS1005: ',' expected.
src/lib/db/pinecone.ts(27,87): error TS1005: ',' expected.
src/lib/db/pinecone.ts(27,90): error TS1002: Unterminated string literal.
src/lib/db/pinecone.ts(28,1): error TS1005: ',' expected.
src/lib/infrastructure/rate-limit-edge.ts(10,84): error TS1005: ',' expected.
src/lib/infrastructure/rate-limit-edge.ts(10,87): error TS1002: Unterminated string literal.
src/lib/infrastructure/rate-limit-edge.ts(13,1): error TS1005: ',' expected.
src/lib/infrastructure/rate-limit.ts(15,84): error TS1005: ',' expected.
src/lib/infrastructure/rate-limit.ts(15,87): error TS1002: Unterminated string literal.
src/lib/infrastructure/rate-limit.ts(17,1): error TS1005: ',' expected.
src/lib/services/llm.ts(11,85): error TS1005: ',' expected.
src/lib/services/llm.ts(11,88): error TS1002: Unterminated string literal.
src/lib/services/llm.ts(12,1): error TS1005: ',' expected.
src/lib/services/llm.ts(13,82): error TS1005: ',' expected.
src/lib/services/llm.ts(13,85): error TS1002: Unterminated string literal.
src/lib/services/llm.ts(14,1): error TS1005: ',' expected.
src/lib/services/lmstudio.ts(14,85): error TS1005: ',' expected.
src/lib/services/lmstudio.ts(14,88): error TS1002: Unterminated string literal.
src/lib/services/lmstudio.ts(15,1): error TS1005: ',' expected.
src/lib/services/openai.ts(12,48): error TS1005: ',' expected.
src/lib/services/openai.ts(12,51): error TS1002: Unterminated string literal.
src/lib/services/openai.ts(18,1): error TS1005: ',' expected.
src/lib/services/zoho-notes-analytics.ts(14,124): error TS1005: ',' expected.
src/lib/services/zoho-notes-analytics.ts(14,127): error TS1002: Unterminated string literal.
src/lib/services/zoho-notes-analytics.ts(16,1): error TS1005: ',' expected.
